[2026-09-28 12:10:58] [INFO] ===== 高欣唯科科技形态选股开始 =====
[2026-09-28 12:10:58] [INFO] 进入云端扫描模式（无本地TDX，使用网络行情）
[2026-09-28 12:11:03] [INFO] 候选池 354 只
[2026-09-28 12:12:56] [INFO] 云端已扫描 100/354...
[2026-09-28 12:14:38] [INFO] 云端已扫描 200/354...
[2026-09-28 12:16:14] [INFO] 云端已扫描 300/354...
[2026-09-28 12:17:07] [INFO] 结果已保存到: /home/runner/work/vibe-dashboard/vibe-dashboard/breakout_stocks.txt
[2026-09-28 12:17:07] [INFO] 已写入 /home/runner/work/vibe-dashboard/vibe-dashboard/daily_picks.json [2026-09-28][高欣唯科科技形态]: 10 只
[2026-09-28 12:17:07] [INFO] 完成！共找到 10 只
[2026-09-28 12:17:07] [INFO] ===== 结束 =====
[2026-09-28 22:18:39] [INFO] ===== 高欣唯科科技形态选股开始 =====
[2026-09-28 22:18:39] [INFO] 进入云端扫描模式（无本地TDX，使用网络行情）
[2026-09-28 22:18:45] [INFO] 候选池 357 只
[2026-09-28 22:21:02] [INFO] 云端已扫描 100/357...
[2026-09-28 22:23:18] [INFO] 云端已扫描 200/357...
[2026-09-28 22:25:08] [INFO] 云端已扫描 300/357...
[2026-09-28 22:26:11] [INFO] 结果已保存到: /home/runner/work/vibe-dashboard/vibe-dashboard/breakout_stocks.txt
[2026-09-28 22:26:11] [INFO] 已写入 /home/runner/work/vibe-dashboard/vibe-dashboard/daily_picks.json [2026-09-28][高欣唯科科技形态]: 10 只
[2026-09-28 22:26:11] [INFO] 完成！共找到 10 只
[2026-09-28 22:26:11] [INFO] ===== 结束 =====
[2026-09-28 22:33:31] [INFO] ===== 高欣唯科科技形态选股开始 =====
[2026-09-28 22:33:31] [INFO] 进入云端扫描模式（无本地TDX，使用网络行情）
[2026-09-28 22:33:38] [INFO] 候选池 357 只
[2026-09-28 22:35:57] [INFO] 云端已扫描 100/357...
[2026-09-28 22:38:16] [INFO] 云端已扫描 200/357...
[2026-09-28 22:40:35] [INFO] 云端已扫描 300/357...
[2026-09-28 22:41:37] [INFO] 结果已保存到: /home/runner/work/vibe-dashboard/vibe-dashboard/breakout_stocks.txt
[2026-09-28 22:41:37] [INFO] 已写入 /home/runner/work/vibe-dashboard/vibe-dashboard/daily_picks.json [2026-09-28][高欣唯科科技形态]: 10 只
[2026-09-28 22:41:37] [INFO] 完成！共找到 10 只
[2026-09-28 22:41:37] [INFO] ===== 结束 =====
[2026-09-29 20:21:49] [INFO] ===== 高欣唯科科技形态选股开始 =====
[2026-09-29 20:21:49] [INFO] 进入云端扫描模式（无本地TDX，使用网络行情）
[2026-09-29 20:21:53] [INFO] 候选池 330 只
[2026-09-29 20:23:42] [INFO] 云端已扫描 100/330...
[2026-09-29 20:25:42] [INFO] 云端已扫描 200/330...
[2026-09-29 20:27:17] [INFO] 云端已扫描 300/330...
[2026-09-29 20:27:43] [INFO] 结果已保存到: /home/runner/work/vibe-dashboard/vibe-dashboard/breakout_stocks.txt
[2026-09-29 20:27:43] [INFO] 已写入 /home/runner/work/vibe-dashboard/vibe-dashboard/daily_picks.json [2026-09-29][高欣唯科科技形态]: 10 只
[2026-09-29 20:27:43] [INFO] 完成！共找到 10 只
[2026-09-29 20:27:43] [INFO] ===== 结束 =====
[2026-09-29 21:13:45] [INFO] ===== 高欣唯科科技形态选股开始 =====
[2026-09-29 21:13:45] [INFO] 进入云端扫描模式（无本地TDX，使用网络行情）
[2026-09-29 21:13:51] [INFO] 候选池 330 只
[2026-09-29 21:15:59] [INFO] 云端已扫描 100/330...
[2026-09-29 21:17:46] [INFO] 云端已扫描 200/330...
[2026-09-29 21:20:13] [INFO] 云端已扫描 300/330...
[2026-09-29 21:20:44] [INFO] 结果已保存到: /home/runner/work/vibe-dashboard/vibe-dashboard/breakout_stocks.txt
[2026-09-29 21:20:44] [INFO] 已写入 /home/runner/work/vibe-dashboard/vibe-dashboard/daily_picks.json [2026-09-29][高欣唯科科技形态]: 10 只
[2026-09-29 21:20:44] [INFO] 完成！共找到 10 只
[2026-09-29 21:20:44] [INFO] ===== 结束 =====
[2026-09-29 21:23:36] [INFO] ===== 高欣唯科科技形态选股开始 =====
[2026-09-29 21:23:36] [INFO] 进入云端扫描模式（无本地TDX，使用网络行情）
[2026-09-29 21:23:43] [INFO] 候选池 330 只
[2026-09-29 21:25:51] [INFO] 云端已扫描 100/330...
[2026-09-29 21:27:47] [INFO] 云端已扫描 200/330...
[2026-09-29 21:30:26] [INFO] 云端已扫描 300/330...
[2026-09-29 21:31:05] [INFO] 结果已保存到: /home/runner/work/vibe-dashboard/vibe-dashboard/breakout_stocks.txt
[2026-09-29 21:31:05] [INFO] 已写入 /home/runner/work/vibe-dashboard/vibe-dashboard/daily_picks.json [2026-09-29][高欣唯科科技形态]: 10 只
[2026-09-29 21:31:05] [INFO] 完成！共找到 10 只
[2026-09-29 21:31:05] [INFO] ===== 结束 =====
